{"level":"info","ts":1786372960.086144,"caller":"Day-31/main.go:36","msg":"Advanced CRUD API Server starting","log_file":"product_app.log"}
{"level":"info","ts":1786372960.087109,"caller":"usecase/product_usecase.go:28","msg":"Processing Single Product Create","request_id":"af955d5f-a9b3-40fe-8a02-53dd3586c1cb","sku":"LAPTOP-01","name":"MacBook Pro M3"}
{"level":"info","ts":1786372960.0872781,"caller":"repository/product_repository.go:40","msg":"DB Product saved","request_id":"af955d5f-a9b3-40fe-8a02-53dd3586c1cb","product_id":"prd_0c1fae66","version":1}
{"level":"info","ts":1786372960.087293,"caller":"usecase/product_usecase.go:58","msg":"Product created successfully","request_id":"af955d5f-a9b3-40fe-8a02-53dd3586c1cb","product_id":"prd_0c1fae66","sku":"LAPTOP-01"}
{"level":"info","ts":1786372960.0873768,"caller":"middleware/logger_middleware.go:70","msg":"HTTP Request Completed","request_id":"af955d5f-a9b3-40fe-8a02-53dd3586c1cb","status":201,"method":"POST","path":"/api/v1/products","ip":"","latency_ms":0,"latency_human":"395.042µs","user_agent":""}
{"level":"info","ts":1786372960.087467,"caller":"usecase/product_usecase.go:63","msg":"Processing Bulk Product Create","request_id":"d537b156-56b1-4acb-9458-270ba8805a7b","item_count":2}
{"level":"info","ts":1786372960.0874891,"caller":"repository/product_repository.go:48","msg":"DB BulkSave requested","request_id":"d537b156-56b1-4acb-9458-270ba8805a7b","count":2}
{"level":"info","ts":1786372960.0875032,"caller":"repository/product_repository.go:65","msg":"DB BulkSave completed successfully","request_id":"d537b156-56b1-4acb-9458-270ba8805a7b","count":2}
{"level":"info","ts":1786372960.087517,"caller":"usecase/product_usecase.go:104","msg":"Bulk Product Create completed successfully","request_id":"d537b156-56b1-4acb-9458-270ba8805a7b","count":2}
{"level":"info","ts":1786372960.0875452,"caller":"middleware/logger_middleware.go:70","msg":"HTTP Request Completed","request_id":"d537b156-56b1-4acb-9458-270ba8805a7b","status":201,"method":"POST","path":"/api/v1/products/bulk","ip":"","latency_ms":0,"latency_human":"92.25µs","user_agent":""}
{"level":"info","ts":1786372960.087616,"caller":"usecase/product_usecase.go:119","msg":"Processing Partial PATCH Update","request_id":"3850a9aa-46ae-4943-bee3-f5d973ef1e0b","product_id":"prd_0c1fae66"}
{"level":"info","ts":1786372960.08766,"caller":"repository/product_repository.go:152","msg":"DB Product patched & version incremented","request_id":"3850a9aa-46ae-4943-bee3-f5d973ef1e0b","product_id":"prd_0c1fae66","new_version":2}
{"level":"info","ts":1786372960.0876732,"caller":"usecase/product_usecase.go:129","msg":"Product patched successfully","request_id":"3850a9aa-46ae-4943-bee3-f5d973ef1e0b","product_id":"prd_0c1fae66","new_version":2}
{"level":"info","ts":1786372960.0876942,"caller":"middleware/logger_middleware.go:70","msg":"HTTP Request Completed","request_id":"3850a9aa-46ae-4943-bee3-f5d973ef1e0b","status":200,"method":"PATCH","path":"/api/v1/products/prd_0c1fae66","ip":"","latency_ms":0,"latency_human":"84.166µs","user_agent":""}
{"level":"info","ts":1786372960.087727,"caller":"usecase/product_usecase.go:119","msg":"Processing Partial PATCH Update","request_id":"bde2f786-f7f0-4e88-88d8-36dac4ae2e0d","product_id":"prd_0c1fae66"}
{"level":"warn","ts":1786372960.087754,"caller":"repository/product_repository.go:129","msg":"DB Concurrency Conflict detected","request_id":"bde2f786-f7f0-4e88-88d8-36dac4ae2e0d","product_id":"prd_0c1fae66","current_version":2,"expected_version":1}
{"level":"warn","ts":1786372960.087768,"caller":"usecase/product_usecase.go:124","msg":"PATCH update aborted: Concurrency conflict detected","request_id":"bde2f786-f7f0-4e88-88d8-36dac4ae2e0d","product_id":"prd_0c1fae66"}
{"level":"warn","ts":1786372960.087785,"caller":"middleware/logger_middleware.go:68","msg":"HTTP Request Warning (Client Error)","request_id":"bde2f786-f7f0-4e88-88d8-36dac4ae2e0d","status":409,"method":"PATCH","path":"/api/v1/products/prd_0c1fae66","ip":"","latency_ms":0,"latency_human":"61.75µs","user_agent":""}
{"level":"info","ts":1786372960.087849,"caller":"usecase/product_usecase.go:134","msg":"Processing Soft Delete","request_id":"726b85ca-6a93-4740-8022-479b580a4e34","product_id":"prd_0c1fae66"}
{"level":"info","ts":1786372960.0878909,"caller":"repository/product_repository.go:177","msg":"DB Product soft-deleted","request_id":"726b85ca-6a93-4740-8022-479b580a4e34","product_id":"prd_0c1fae66","deleted_at":1786372960.08789}
{"level":"info","ts":1786372960.0879219,"caller":"middleware/logger_middleware.go:70","msg":"HTTP Request Completed","request_id":"726b85ca-6a93-4740-8022-479b580a4e34","status":200,"method":"DELETE","path":"/api/v1/products/prd_0c1fae66","ip":"","latency_ms":0,"latency_human":"72µs","user_agent":""}
{"level":"info","ts":1786372960.08795,"caller":"usecase/product_usecase.go:114","msg":"Listing all products","request_id":"9d2cba6a-59a7-4fdb-9eb9-b4935df03f0d","include_deleted":false}
{"level":"info","ts":1786372960.0880141,"caller":"middleware/logger_middleware.go:70","msg":"HTTP Request Completed","request_id":"9d2cba6a-59a7-4fdb-9eb9-b4935df03f0d","status":200,"method":"GET","path":"/api/v1/products","ip":"","latency_ms":0,"latency_human":"63.667µs","user_agent":""}
{"level":"info","ts":1786372960.088044,"caller":"usecase/product_usecase.go:114","msg":"Listing all products","request_id":"9b558aaf-b071-4369-b73c-eed8f114756c","include_deleted":true}
{"level":"info","ts":1786372960.0880818,"caller":"middleware/logger_middleware.go:70","msg":"HTTP Request Completed","request_id":"9b558aaf-b071-4369-b73c-eed8f114756c","status":200,"method":"GET","path":"/api/v1/products?include_deleted=true","ip":"","latency_ms":0,"latency_human":"37.125µs","user_agent":""}
{"level":"info","ts":1786372960.08811,"caller":"usecase/product_usecase.go:139","msg":"Processing Product Restore","request_id":"2f3a2e75-a65e-4f8c-838f-c8bb89fb0693","product_id":"prd_0c1fae66"}
{"level":"info","ts":1786372960.08815,"caller":"repository/product_repository.go:201","msg":"DB Product restored","request_id":"2f3a2e75-a65e-4f8c-838f-c8bb89fb0693","product_id":"prd_0c1fae66"}
{"level":"info","ts":1786372960.088167,"caller":"middleware/logger_middleware.go:70","msg":"HTTP Request Completed","request_id":"2f3a2e75-a65e-4f8c-838f-c8bb89fb0693","status":200,"method":"POST","path":"/api/v1/products/prd_0c1fae66/restore","ip":"","latency_ms":0,"latency_human":"56.541µs","user_agent":""}
{"level":"info","ts":1786372960.088206,"caller":"usecase/product_usecase.go:144","msg":"Processing Bulk Soft Delete","request_id":"290c776f-cd2e-4740-9913-82c032a149e4","count":2}
{"level":"info","ts":1786372960.08822,"caller":"repository/product_repository.go:209","msg":"DB BulkSoftDelete requested","request_id":"290c776f-cd2e-4740-9913-82c032a149e4","count":2}
{"level":"info","ts":1786372960.0882308,"caller":"repository/product_repository.go:224","msg":"DB BulkSoftDelete completed","request_id":"290c776f-cd2e-4740-9913-82c032a149e4","deleted_count":2}
{"level":"info","ts":1786372960.0882502,"caller":"middleware/logger_middleware.go:70","msg":"HTTP Request Completed","request_id":"290c776f-cd2e-4740-9913-82c032a149e4","status":200,"method":"POST","path":"/api/v1/products/bulk-delete","ip":"","latency_ms":0,"latency_human":"53.167µs","user_agent":""}
