{"level":"info","ts":1786372079.295649,"caller":"Day-30/main.go:35","msg":"Student Management REST API started successfully","port":"8080","env":"development"}
{"level":"info","ts":1786372079.296177,"caller":"usecase/auth_usecase.go:32","msg":"Processing user registration","request_id":"14f4cb60-3946-4a95-9a2c-54ede3c69dd7","email":"admin@school.com","role":"ADMIN"}
{"level":"info","ts":1786372079.374389,"caller":"repository/student_repository.go:40","msg":"DB User saved successfully","request_id":"14f4cb60-3946-4a95-9a2c-54ede3c69dd7","user_id":"usr_0eb70395","role":"ADMIN"}
{"level":"info","ts":1786372079.374423,"caller":"usecase/auth_usecase.go:75","msg":"User account created successfully","request_id":"14f4cb60-3946-4a95-9a2c-54ede3c69dd7","user_id":"usr_0eb70395","email":"admin@school.com","role":"ADMIN"}
{"level":"info","ts":1786372079.374509,"caller":"middleware/logger_middleware.go:70","msg":"HTTP Request Completed","request_id":"14f4cb60-3946-4a95-9a2c-54ede3c69dd7","status":201,"method":"POST","path":"/api/v1/auth/register","ip":"","latency_ms":78,"latency_human":"78.321375ms","user_agent":""}
{"level":"info","ts":1786372079.374571,"caller":"usecase/auth_usecase.go:81","msg":"Processing login authentication","request_id":"614a1c80-42ba-4378-93b9-74ca9d61989f","email":"admin@school.com"}
{"level":"info","ts":1786372079.433323,"caller":"usecase/auth_usecase.go:110","msg":"User authenticated & JWT token issued","request_id":"614a1c80-42ba-4378-93b9-74ca9d61989f","user_id":"usr_0eb70395","role":"ADMIN"}
{"level":"info","ts":1786372079.433386,"caller":"middleware/logger_middleware.go:70","msg":"HTTP Request Completed","request_id":"614a1c80-42ba-4378-93b9-74ca9d61989f","status":200,"method":"POST","path":"/api/v1/auth/login","ip":"","latency_ms":58,"latency_human":"58.796ms","user_agent":""}
{"level":"info","ts":1786372079.433428,"caller":"usecase/auth_usecase.go:32","msg":"Processing user registration","request_id":"f5e6e228-847e-4008-8a5c-47d56b5b253f","email":"john.doe@student.com","role":"STUDENT"}
{"level":"info","ts":1786372079.492343,"caller":"repository/student_repository.go:40","msg":"DB User saved successfully","request_id":"f5e6e228-847e-4008-8a5c-47d56b5b253f","user_id":"usr_8c49c3da","role":"STUDENT"}
{"level":"info","ts":1786372079.492378,"caller":"usecase/auth_usecase.go:75","msg":"User account created successfully","request_id":"f5e6e228-847e-4008-8a5c-47d56b5b253f","user_id":"usr_8c49c3da","email":"john.doe@student.com","role":"STUDENT"}
{"level":"info","ts":1786372079.492418,"caller":"middleware/logger_middleware.go:70","msg":"HTTP Request Completed","request_id":"f5e6e228-847e-4008-8a5c-47d56b5b253f","status":201,"method":"POST","path":"/api/v1/auth/register","ip":"","latency_ms":58,"latency_human":"58.962167ms","user_agent":""}
{"level":"info","ts":1786372079.492459,"caller":"usecase/auth_usecase.go:81","msg":"Processing login authentication","request_id":"0e3bc18f-08c8-4e04-a6b3-4b442ae80266","email":"john.doe@student.com"}
{"level":"info","ts":1786372079.55136,"caller":"usecase/auth_usecase.go:110","msg":"User authenticated & JWT token issued","request_id":"0e3bc18f-08c8-4e04-a6b3-4b442ae80266","user_id":"usr_8c49c3da","role":"STUDENT"}
{"level":"info","ts":1786372079.551702,"caller":"middleware/logger_middleware.go:70","msg":"HTTP Request Completed","request_id":"0e3bc18f-08c8-4e04-a6b3-4b442ae80266","status":200,"method":"POST","path":"/api/v1/auth/login","ip":"","latency_ms":59,"latency_human":"59.226416ms","user_agent":""}
{"level":"info","ts":1786372079.551808,"caller":"usecase/student_usecase.go:27","msg":"Creating new student profile","request_id":"b2c6232b-fe5d-431c-85d1-676bbb70bb08","user_id":"usr_0eb70395","name":"John Doe","email":"john.doe@student.com"}
{"level":"info","ts":1786372079.551826,"caller":"repository/student_repository.go:98","msg":"DB Student saved","request_id":"b2c6232b-fe5d-431c-85d1-676bbb70bb08","user_id":"usr_0eb70395","student_id":"std_e3316b2f","duration_ms":0}
{"level":"info","ts":1786372079.551834,"caller":"usecase/student_usecase.go:66","msg":"Student record created successfully","request_id":"b2c6232b-fe5d-431c-85d1-676bbb70bb08","user_id":"usr_0eb70395","student_id":"std_e3316b2f","email":"john.doe@student.com"}
{"level":"info","ts":1786372079.5518699,"caller":"middleware/logger_middleware.go:70","msg":"HTTP Request Completed","request_id":"b2c6232b-fe5d-431c-85d1-676bbb70bb08","user_id":"usr_0eb70395","status":201,"method":"POST","path":"/api/v1/students","ip":"","latency_ms":0,"latency_human":"102.75µs","user_agent":""}
{"level":"info","ts":1786372079.5519009,"caller":"usecase/student_usecase.go:27","msg":"Creating new student profile","request_id":"1615b737-8d41-424e-ac7d-4f619ffb4407","user_id":"usr_0eb70395","name":"Jane Smith","email":"jane.smith@student.com"}
{"level":"info","ts":1786372079.5519118,"caller":"repository/student_repository.go:98","msg":"DB Student saved","request_id":"1615b737-8d41-424e-ac7d-4f619ffb4407","user_id":"usr_0eb70395","student_id":"std_3bd5e6d7","duration_ms":0}
{"level":"info","ts":1786372079.5519192,"caller":"usecase/student_usecase.go:66","msg":"Student record created successfully","request_id":"1615b737-8d41-424e-ac7d-4f619ffb4407","user_id":"usr_0eb70395","student_id":"std_3bd5e6d7","email":"jane.smith@student.com"}
{"level":"info","ts":1786372079.551929,"caller":"middleware/logger_middleware.go:70","msg":"HTTP Request Completed","request_id":"1615b737-8d41-424e-ac7d-4f619ffb4407","user_id":"usr_0eb70395","status":201,"method":"POST","path":"/api/v1/students","ip":"","latency_ms":0,"latency_human":"38.375µs","user_agent":""}
{"level":"info","ts":1786372079.551952,"caller":"usecase/student_usecase.go:87","msg":"Listing student profiles","request_id":"14b33e03-d8ac-4815-a7f0-51c3f86dd7e0","user_id":"usr_8c49c3da","department":"","status":""}
{"level":"info","ts":1786372079.5519638,"caller":"repository/student_repository.go:143","msg":"DB Students fetched","request_id":"14b33e03-d8ac-4815-a7f0-51c3f86dd7e0","user_id":"usr_8c49c3da","count":2}
{"level":"info","ts":1786372079.551981,"caller":"middleware/logger_middleware.go:70","msg":"HTTP Request Completed","request_id":"14b33e03-d8ac-4815-a7f0-51c3f86dd7e0","user_id":"usr_8c49c3da","status":200,"method":"GET","path":"/api/v1/students","ip":"","latency_ms":0,"latency_human":"33.959µs","user_agent":""}
{"level":"info","ts":1786372079.5520132,"caller":"usecase/student_usecase.go:92","msg":"Updating student profile","request_id":"db2ef092-4312-42e9-8a0c-0bd13f515dc2","user_id":"usr_0eb70395","student_id":"std_e3316b2f"}
{"level":"info","ts":1786372079.552028,"caller":"repository/student_repository.go:158","msg":"DB Student updated","request_id":"db2ef092-4312-42e9-8a0c-0bd13f515dc2","user_id":"usr_0eb70395","student_id":"std_e3316b2f"}
{"level":"info","ts":1786372079.5520341,"caller":"usecase/student_usecase.go:123","msg":"Student record updated successfully","request_id":"db2ef092-4312-42e9-8a0c-0bd13f515dc2","user_id":"usr_0eb70395","student_id":"std_e3316b2f"}
{"level":"info","ts":1786372079.552044,"caller":"middleware/logger_middleware.go:70","msg":"HTTP Request Completed","request_id":"db2ef092-4312-42e9-8a0c-0bd13f515dc2","user_id":"usr_0eb70395","status":200,"method":"PUT","path":"/api/v1/students/std_e3316b2f","ip":"","latency_ms":0,"latency_human":"40.75µs","user_agent":""}
{"level":"warn","ts":1786372079.55206,"caller":"middleware/auth_middleware.go:101","msg":"Authorization rejected: Access denied for role","request_id":"0a6c65fd-3bf4-4cf6-b2b7-5a4f94f5df9f","user_id":"usr_8c49c3da","user_role":"STUDENT","required_roles":["ADMIN"]}
{"level":"warn","ts":1786372079.5520709,"caller":"middleware/logger_middleware.go:68","msg":"HTTP Request Warning (Client Error)","request_id":"0a6c65fd-3bf4-4cf6-b2b7-5a4f94f5df9f","user_id":"usr_8c49c3da","status":403,"method":"DELETE","path":"/api/v1/students/std_3bd5e6d7","ip":"","latency_ms":0,"latency_human":"15.292µs","user_agent":""}
{"level":"info","ts":1786372079.552087,"caller":"usecase/student_usecase.go:128","msg":"Deleting student profile","request_id":"7df6d408-a9ea-4aed-af19-85bbfd03243d","user_id":"usr_0eb70395","student_id":"std_3bd5e6d7"}
{"level":"info","ts":1786372079.5521028,"caller":"repository/student_repository.go:175","msg":"DB Student deleted","request_id":"7df6d408-a9ea-4aed-af19-85bbfd03243d","user_id":"usr_0eb70395","student_id":"std_3bd5e6d7"}
{"level":"info","ts":1786372079.552108,"caller":"usecase/student_usecase.go:135","msg":"Student record deleted successfully","request_id":"7df6d408-a9ea-4aed-af19-85bbfd03243d","user_id":"usr_0eb70395","student_id":"std_3bd5e6d7"}
{"level":"info","ts":1786372079.552115,"caller":"middleware/logger_middleware.go:70","msg":"HTTP Request Completed","request_id":"7df6d408-a9ea-4aed-af19-85bbfd03243d","user_id":"usr_0eb70395","status":200,"method":"DELETE","path":"/api/v1/students/std_3bd5e6d7","ip":"","latency_ms":0,"latency_human":"33.041µs","user_agent":""}
